seg035_0002
seg035_0010
seg035_0014
seg035_0018
seg035_0020
seg035_0028
seg035_0030
seg035_0059
seg035_006C
seg035_006F
seg035_0078
seg035_00B5
seg035_00B9
seg035_00D4
seg035_00F6
seg035_08E5
seg035_00FC
seg035_0100
seg035_0120
seg035_012E
seg035_013D
seg035_0177
seg035_022D
seg035_023F
seg035_022D
seg035_06F2
seg035_023F
seg035_022D
seg033_19CD
seg033_19C4
seg033_127D
seg033_128C
seg032_3DD9
seg032_3DBA
seg032_3A4C
seg032_39D5
seg032_3A04
seg032_3A2C
seg032_3A34
seg032_3A3C
seg032_3B08
seg032_3DCA
seg035_0E3B
seg035_0E62
seg033_19BF
seg033_18CA
seg032_14F6
seg033_564A
seg034_41C9
seg034_41BC
seg032_14F6
seg034_41B7
seg034_41AA
seg032_14F6
seg034_41A5
seg034_4198
seg032_14F6
seg033_04FD
seg033_04EE
seg032_14F6
seg033_275D
seg033_04E9
seg033_0413
seg032_14F6
seg033_2599
seg033_040E
seg033_040F
seg033_03FF
seg033_0400
seg032_14F6
seg033_24FD
seg033_105C
seg033_104F
seg032_14F6
seg034_2F6D
seg034_1292
seg034_2FF0
seg034_3BDA
seg034_3EF2
seg033_01B0
seg033_01E2
seg033_0200
seg033_0204
seg033_0208
seg033_0210
seg034_2B05
seg032_14F6
seg034_2E32
seg032_14F6
seg034_2F5E
seg035_0E3B
seg035_0E62
seg032_371A
seg032_370C
seg032_14F6
seg032_8658
seg032_3DA7
seg032_3539
seg032_14F6
seg032_352C
seg032_34EC
seg032_1AB5
seg034_3BDA
seg034_3BDA
seg034_3B72
seg035_02EA
seg035_0240
seg035_0244
seg035_0257
seg035_02F9
seg035_0261
seg035_0265
seg035_026D
seg035_02D9
seg035_0D38
seg035_0D51
seg035_0D5D
seg035_0D87
seg035_0F39
seg035_0F6D
seg035_0F7E
seg035_0DAF
seg035_02E5
seg035_0BD5
seg035_0C18
seg035_0C1F
seg035_0C33
seg035_0C3D
seg035_029A
seg035_02A3
seg035_04C5
seg035_04E3
seg035_04F7
seg035_04F8
seg032_8214
seg032_34FE
seg032_14F6
seg032_351D
seg035_0E3B
seg035_0E62
seg033_2300
seg033_1F1A
seg032_14F6
seg033_1F27
seg033_1F4C
seg032_14F6
seg033_1F59
seg033_1F9B
seg032_14F6
seg033_1FA8
seg032_1AB5
seg034_3BDA
seg034_3BDA
seg034_3B72
seg035_02EA
seg035_0240
seg035_0244
seg035_0257
seg035_02F9
seg035_0261
seg035_0265
seg035_026D
seg035_0282
seg035_028A
seg035_028B
seg035_029A
seg035_02A3
seg035_04C5
seg035_04E3
seg035_04F7
seg035_04F8
seg033_20EB
seg032_14F6
seg033_20F8
seg032_14F6
seg033_2105
seg032_14F6
seg033_2199
seg032_14F6
seg033_21A6
seg032_1AB5
seg034_3BDA
seg034_3BDA
seg034_3B72
seg035_02EA
seg035_0240
seg035_0244
seg035_0257
seg035_02F9
seg035_0261
seg035_0265
seg035_026D
seg035_0282
seg035_028A
seg035_028B
seg035_029A
seg035_02A3
seg035_04C5
seg035_04E3
seg035_04F7
seg035_04F8
seg033_21B7
seg032_14F6
seg033_21C4
seg032_14F6
seg033_21D1
seg032_14F6
seg033_21DE
seg032_14F6
seg033_21EB
seg032_14F6
seg033_21F8
seg032_14F6
seg033_22F1
seg035_0E3B
seg035_0E62
seg033_18B1
seg033_1788
seg032_14F6
seg033_1795
seg032_14F6
seg033_17CE
seg032_14F6
seg033_17DB
seg032_14F6
seg033_1814
seg032_14F6
seg033_184D
seg032_14F6
seg032_3478
seg032_3278
seg032_14F6
seg033_177F
seg033_1753
seg033_1770
seg035_0E3B
seg035_0E62
seg033_1A9F
seg033_1A90
seg032_14F6
seg033_57B1
seg033_1742
seg033_1581
seg033_1593
seg032_14F6
seg033_15A0
seg032_14F6
seg033_15AD
seg032_14F6
seg032_31F7
seg032_2E1F
seg032_2E84
seg032_3545
seg032_2E84
seg032_3545
seg032_2E84
seg032_3545
seg032_2E84
seg032_3545
seg032_2EE3
seg032_1AB5
seg034_3BDA
seg034_3BDA
seg034_3B72
seg035_02EA
seg035_0240
seg035_0244
seg035_0257
seg035_02F9
seg035_0261
seg035_0265
seg035_026D
seg035_0282
seg035_028A
seg035_028B
seg035_029A
seg035_02A3
seg035_04C5
seg035_04E3
seg035_04F7
seg035_04F8
seg032_2F21
seg032_14F6
seg032_31E8
seg035_0E3B
seg035_0E62
seg032_2E16
seg032_2DB8
seg032_11DA
seg032_0F44
seg032_2E07
seg035_0E3B
seg035_0E62
seg033_1025
seg033_1016
seg032_14F6
seg033_2E92
seg032_2DB3
seg032_2DA7
seg032_14F6
seg033_1011
seg033_1004
seg032_14F6
seg033_0FEB
seg033_0EB4
seg032_14F6
seg033_0FF0
seg033_0F5F
seg032_14F6
seg033_0F6C
seg033_0FF8
seg033_0F91
seg032_14F6
seg033_0F9E
seg033_1000
seg033_0FDC
seg035_0E3B
seg035_0E62
seg032_2D9E
seg032_2D37
seg032_14F6
seg032_6E6B
seg032_2D96
seg032_2D80
seg032_3DAC
seg032_3DAE
seg035_032B
seg035_0305
seg032_3D98
seg032_3D9A
seg032_3D15
seg032_3D17
seg032_2CF6
seg032_2CF8
seg032_1ED3
seg032_1ED5
seg032_14F6
seg038_6AC8
seg038_6ACA
seg038_0F80
seg038_0F82
seg032_14F6
seg038_0FA9
seg038_0FAB
seg036_2E30
seg036_2E32
seg031_23E6
seg031_23E8
seg036_0B23
seg036_0B25
seg038_0FD3
seg038_0FD5
seg035_0E3B
seg035_0E62
seg038_0CCD
seg038_0CCF
seg038_0BA3
seg038_0BA5
seg036_3076
seg036_3078
seg032_19A6
seg032_3545
seg032_19CD
seg032_11DA
seg032_0F44
seg032_11DA
seg032_0F44
seg032_11DA
seg032_0F44
seg032_11DA
seg032_0F44
seg033_0214
seg032_11DA
seg032_0F44
seg031_3504
seg031_3506
seg036_0B23
seg036_0B25
seg038_0C4B
seg038_0C4D
seg034_0800
seg034_0800
seg034_0800
seg034_0800
seg038_0CB4
seg038_0CB6
seg035_0E3B
seg035_0E62
seg037_0499
seg037_049B
seg037_046D
seg037_046F
seg035_06D0
seg035_06E9
seg035_06DD
seg036_37F8
seg036_086D
seg036_086F
seg036_086D
seg036_086F
seg036_396B
seg036_086D
seg036_086F
seg036_086D
seg036_086F
seg035_06E9
seg035_06DD
seg036_37F8
seg036_086D
seg036_086F
seg036_086D
seg036_086F
seg036_396B
seg036_086D
seg036_086F
seg036_086D
seg036_086F
seg035_06E9
seg035_06DD
seg036_37F8
seg036_086D
seg036_086F
seg036_086D
seg036_086F
seg036_396B
seg036_086D
seg036_086F
seg036_086D
seg036_086F
seg035_06E9
seg035_06DD
seg036_37F8
seg036_086D
seg036_086F
seg036_086D
seg036_086F
seg036_396B
seg036_086D
seg036_086F
seg036_086D
seg036_086F
seg035_06E9
seg035_06DD
seg036_37F8
seg036_086D
seg036_086F
seg036_086D
seg036_086F
seg036_396B
seg036_086D
seg036_086F
seg036_086D
seg036_086F
seg035_06E9
seg035_06DD
seg036_37F8
seg036_086D
seg036_086F
seg036_086D
seg036_086F
seg036_396B
seg036_086D
seg036_086F
seg036_086D
seg036_086F
seg035_06E9
seg035_06DD
seg036_37F8
seg036_086D
seg036_086F
seg036_086D
seg036_086F
seg036_396B
seg036_086D
seg036_086F
seg036_086D
seg036_086F
seg035_06E9
seg035_06DD
seg036_37F8
seg036_086D
seg036_086F
seg036_086D
seg036_086F
seg036_396B
seg036_086D
seg036_086F
seg036_086D
seg036_086F
seg035_06E9
seg035_06DD
seg036_37F8
seg036_086D
seg036_086F
seg036_086D
seg036_086F
seg036_396B
seg036_086D
seg036_086F
seg036_086D
seg036_086F
seg035_06E9
seg035_06DD
seg036_37F8
seg036_086D
seg036_086F
seg036_086D
seg036_086F
seg036_396B
seg036_086D
seg036_086F
seg036_086D
seg036_086F
seg035_06E9
seg035_06DD
seg036_37F8
seg036_086D
seg036_086F
seg036_086D
seg036_086F
seg036_396B
seg036_086D
seg036_086F
seg036_086D
seg036_086F
seg035_06E9
seg035_06DD
seg036_37F8
seg036_086D
seg036_086F
seg036_086D
seg036_086F
seg036_396B
seg036_086D
seg036_086F
seg036_086D
seg036_086F
seg035_06E9
seg035_06DD
seg036_37F8
seg036_086D
seg036_086F
seg036_086D
seg036_086F
seg036_396B
seg036_086D
seg036_086F
seg036_086D
seg036_086F
seg035_06E9
seg035_06DD
seg036_37F8
seg036_086D
seg036_086F
seg036_086D
seg036_086F
seg036_396B
seg036_086D
seg036_086F
seg036_086D
seg036_086F
seg035_06E9
seg035_06DD
seg036_37F8
seg036_086D
seg036_086F
seg036_086D
seg036_086F
seg036_396B
seg036_086D
seg036_086F
seg036_086D
seg036_086F
seg035_06E9
seg035_06DD
seg036_37F8
seg036_086D
seg036_086F
seg036_086D
seg036_086F
seg036_396B
seg036_086D
seg036_086F
seg036_086D
seg036_086F
seg035_06E9
seg035_06DD
seg036_37F8
seg036_086D
seg036_086F
seg036_086D
seg036_086F
seg036_396B
seg036_086D
seg036_086F
seg036_086D
seg036_086F
seg035_06E9
seg035_06DD
seg036_37F8
seg036_086D
seg036_086F
seg036_086D
seg036_086F
seg036_396B
seg036_086D
seg036_086F
seg036_086D
seg036_086F
seg035_06E9
seg035_06DD
seg036_37F8
seg036_086D
seg036_086F
seg036_086D
seg036_086F
seg036_396B
seg036_086D
seg036_086F
seg036_086D
seg036_086F
seg035_06E9
seg035_06DD
seg036_37F8
seg036_086D
seg036_086F
seg036_086D
seg036_086F
seg036_396B
seg036_086D
seg036_086F
seg036_086D
seg036_086F
seg035_06E9
seg035_06DD
seg036_37F8
seg036_086D
seg036_086F
seg036_086D
seg036_086F
seg036_396B
seg036_086D
seg036_086F
seg036_086D
seg036_086F
seg035_06E9
seg035_06DD
seg036_37F8
seg036_086D
seg036_086F
seg036_086D
seg036_086F
seg036_396B
seg036_086D
seg036_086F
seg036_086D
seg036_086F
seg035_06E9
seg035_06DD
seg036_37F8
seg036_086D
seg036_086F
seg036_086D
seg036_086F
seg036_396B
seg036_086D
seg036_086F
seg036_086D
seg036_086F
seg035_06E9
seg035_06DD
seg036_37F8
seg036_086D
seg036_086F
seg036_086D
seg036_086F
seg036_396B
seg036_086D
seg036_086F
seg036_086D
seg036_086F
seg035_06E9
seg035_06DD
seg036_37F8
seg036_086D
seg036_086F
seg036_086D
seg036_086F
seg036_396B
seg036_086D
seg036_086F
seg036_086D
seg036_086F
seg035_06E9
seg035_06DD
seg036_37F8
seg036_086D
seg036_086F
seg036_086D
seg036_086F
seg036_396B
seg036_086D
seg036_086F
seg036_086D
seg036_086F
seg035_06E9
seg035_06DD
seg036_37F8
seg036_086D
seg036_086F
seg036_086D
seg036_086F
seg036_396B
seg036_086D
seg036_086F
seg036_086D
seg036_086F
seg035_06E9
seg035_06DD
seg036_37F8
seg036_086D
seg036_086F
seg036_086D
seg036_086F
seg036_396B
seg036_086D
seg036_086F
seg036_086D
seg036_086F
seg035_06E9
seg035_06DD
seg036_37F8
seg036_086D
seg036_086F
seg036_086D
seg036_086F
seg036_396B
seg036_086D
seg036_086F
seg036_086D
seg036_086F
seg035_06E9
seg035_06DD
seg036_37F8
seg036_086D
seg036_086F
seg036_086D
seg036_086F
seg036_396B
seg036_086D
seg036_086F
seg036_086D
seg036_086F
seg035_06E9
seg035_06DD
seg036_37F8
seg036_086D
seg036_086F
seg036_086D
seg036_086F
seg036_396B
seg036_086D
seg036_086F
seg036_086D
seg036_086F
seg035_06E9
seg035_06DD
seg036_37F8
seg036_086D
seg036_086F
seg036_086D
seg036_086F
seg036_396B
seg036_086D
seg036_086F
seg036_086D
seg036_086F
seg035_06E9
seg035_06DD
seg036_37F8
seg036_086D
seg036_086F
seg036_086D
seg036_086F
seg036_396B
seg036_086D
seg036_086F
seg036_086D
seg036_086F
seg035_06E9
seg035_06DD
seg036_37F8
seg036_086D
seg036_086F
seg036_086D
seg036_086F
seg036_396B
seg036_086D
seg036_086F
seg036_086D
seg036_086F
seg035_06E9
seg035_06DD
seg036_37F8
seg036_086D
seg036_086F
seg036_086D
seg036_086F
seg036_396B
seg036_086D
seg036_086F
seg036_086D
seg036_086F
seg035_06E9
seg035_06DD
seg036_37F8
seg036_086D
seg036_086F
seg036_086D
seg036_086F
seg036_396B
seg036_086D
seg036_086F
seg036_086D
seg036_086F
seg035_06E9
seg035_06DD
seg036_37F8
seg036_086D
seg036_086F
seg036_086D
seg036_086F
seg036_396B
seg036_086D
seg036_086F
seg036_086D
seg036_086F
seg035_06E9
seg035_06DD
seg036_37F8
seg036_086D
seg036_086F
seg036_086D
seg036_086F
seg036_396B
seg036_086D
seg036_086F
seg036_086D
seg036_086F
seg035_06E9
seg035_06DD
seg036_37F8
seg036_086D
seg036_086F
seg036_086D
seg036_086F
seg036_396B
seg036_086D
seg036_086F
seg036_086D
seg036_086F
seg035_06E9
seg035_06DD
seg036_37F8
seg036_086D
seg036_086F
seg036_086D
seg036_086F
seg036_396B
seg036_086D
seg036_086F
seg036_086D
seg036_086F
seg035_06E9
seg035_06DD
seg036_37F8
seg036_086D
seg036_086F
seg036_086D
seg036_086F
seg036_396B
seg036_086D
seg036_086F
seg036_086D
seg036_086F
seg035_06E9
seg035_06DD
seg036_37F8
seg036_086D
seg036_086F
seg036_086D
seg036_086F
seg036_396B
seg036_086D
seg036_086F
seg036_086D
seg036_086F
seg035_06E9
seg035_06DD
seg036_37F8
seg036_086D
seg036_086F
seg036_086D
seg036_086F
seg036_396B
seg036_086D
seg036_086F
seg036_086D
seg036_086F
seg035_06E9
seg035_06DD
seg036_37F8
seg036_086D
seg036_086F
seg036_086D
seg036_086F
seg036_396B
seg036_086D
seg036_086F
seg036_086D
seg036_086F
seg035_06E9
seg035_06DD
seg036_37F8
seg036_086D
seg036_086F
seg036_086D
seg036_086F
seg036_396B
seg036_086D
seg036_086F
seg036_086D
seg036_086F
seg035_06E9
seg035_06DD
seg036_37F8
seg036_086D
seg036_086F
seg036_086D
seg036_086F
seg036_396B
seg036_086D
seg036_086F
seg036_086D
seg036_086F
seg035_06E9
seg035_06DD
seg036_37F8
seg036_086D
seg036_086F
seg036_086D
seg036_086F
seg036_396B
seg036_086D
seg036_086F
seg036_086D
seg036_086F
seg035_06E9
seg035_06DD
seg036_37F8
seg036_086D
seg036_086F
seg036_086D
seg036_086F
seg036_396B
seg036_086D
seg036_086F
seg036_086D
seg036_086F
seg035_06E9
seg035_06DD
seg036_37F8
seg036_086D
seg036_086F
seg036_086D
seg036_086F
seg036_396B
seg036_086D
seg036_086F
seg036_086D
seg036_086F
seg035_06E9
seg035_06DD
seg036_37F8
seg036_086D
seg036_086F
seg036_086D
seg036_086F
seg036_396B
seg036_086D
seg036_086F
seg036_086D
seg036_086F
seg035_06E9
seg035_06DD
seg036_37F8
seg036_086D
seg036_086F
seg036_086D
seg036_086F
seg036_396B
seg036_086D
seg036_086F
seg036_086D
seg036_086F
seg035_06E9
seg035_06DD
seg036_37F8
seg036_086D
seg036_086F
seg036_086D
seg036_086F
seg036_396B
seg036_086D
seg036_086F
seg036_086D
seg036_086F
seg035_06E9
seg035_06DD
seg036_37F8
seg036_086D
seg036_086F
seg036_086D
seg036_086F
seg036_396B
seg036_086D
seg036_086F
seg036_086D
seg036_086F
seg035_06E9
seg035_06DD
seg036_37F8
seg036_086D
seg036_086F
seg036_086D
seg036_086F
seg036_396B
seg036_086D
seg036_086F
seg036_086D
seg036_086F
seg035_06E9
seg035_06DD
seg036_37F8
seg036_086D
seg036_086F
seg036_086D
seg036_086F
seg036_396B
seg036_086D
seg036_086F
seg036_086D
seg036_086F
seg035_06E9
seg035_06DD
seg036_37F8
seg036_086D
seg036_086F
seg036_086D
seg036_086F
seg036_396B
seg036_086D
seg036_086F
seg036_086D
seg036_086F
seg035_06E9
seg035_06DD
seg036_37F8
seg036_086D
seg036_086F
seg036_086D
seg036_086F
seg036_396B
seg036_086D
seg036_086F
seg036_086D
seg036_086F
seg035_06E9
seg035_06DD
seg036_37F8
seg036_086D
seg036_086F
seg036_086D
seg036_086F
seg036_396B
seg036_086D
seg036_086F
seg036_086D
seg036_086F
seg035_06E9
seg035_06DD
seg036_37F8
seg036_086D
seg036_086F
seg036_086D
seg036_086F
seg036_396B
seg036_086D
seg036_086F
seg036_086D
seg036_086F
seg035_06E9
seg035_06DD
seg036_37F8
seg036_086D
seg036_086F
seg036_086D
seg036_086F
seg036_396B
seg036_086D
seg036_086F
seg036_086D
seg036_086F
seg035_06E9
seg035_06DD
seg036_37F8
seg036_086D
seg036_086F
seg036_086D
seg036_086F
seg036_396B
seg036_086D
seg036_086F
seg036_086D
seg036_086F
seg035_06E9
seg035_06DD
seg036_37F8
seg036_086D
seg036_086F
seg036_086D
seg036_086F
seg036_396B
seg036_086D
seg036_086F
seg036_086D
seg036_086F
seg035_06E9
seg035_06DD
seg036_37F8
seg036_086D
seg036_086F
seg036_086D
seg036_086F
seg036_396B
seg036_086D
seg036_086F
seg036_086D
seg036_086F
seg035_06E9
seg035_06DD
seg036_37F8
seg036_086D
seg036_086F
seg036_086D
seg036_086F
seg036_396B
seg036_086D
seg036_086F
seg036_086D
seg036_086F
seg035_06E9
seg035_06DD
seg036_37F8
seg036_086D
seg036_086F
seg036_086D
seg036_086F
seg036_396B
seg036_086D
seg036_086F
seg036_086D
seg036_086F
seg035_06E9
seg035_06DD
seg036_37F8
seg036_086D
seg036_086F
seg036_086D
seg036_086F
seg036_396B
seg036_086D
seg036_086F
seg036_086D
seg036_086F
seg035_06E9
seg035_06DD
seg036_37F8
seg036_086D
seg036_086F
seg036_086D
seg036_086F
seg036_396B
seg036_086D
seg036_086F
seg036_086D
seg036_086F
seg035_06E9
seg035_06DD
seg036_37F8
seg036_086D
seg036_086F
seg036_086D
seg036_086F
seg036_396B
seg036_086D
seg036_086F
seg036_086D
seg036_086F
seg035_06E9
seg035_06DD
seg036_37F8
seg036_086D
seg036_086F
seg036_086D
seg036_086F
seg036_396B
seg036_086D
seg036_086F
seg036_086D
seg036_086F
seg035_06E9
seg035_06DD
seg036_37F8
seg036_086D
seg036_086F
seg036_086D
seg036_086F
seg036_396B
seg036_086D
seg036_086F
seg036_086D
seg036_086F
seg035_06E9
seg035_06DD
seg036_37F8
seg036_086D
seg036_086F
seg036_086D
seg036_086F
seg036_396B
seg036_086D
seg036_086F
seg036_086D
seg036_086F
seg035_06E9
seg035_06DD
seg036_37F8
seg036_086D
seg036_086F
seg036_086D
seg036_086F
seg036_396B
seg036_086D
seg036_086F
seg036_086D
seg036_086F
seg035_06E9
seg035_06DD
seg036_37F8
seg036_086D
seg036_086F
seg036_086D
seg036_086F
seg036_396B
seg036_086D
seg036_086F
seg036_086D
seg036_086F
seg035_06E9
seg035_06DD
seg036_37F8
seg036_086D
seg036_086F
seg036_086D
seg036_086F
seg036_396B
seg036_086D
seg036_086F
seg036_086D
seg036_086F
seg035_06E9
seg035_06DD
seg036_37F8
seg036_086D
seg036_086F
seg036_086D
seg036_086F
seg036_396B
seg036_086D
seg036_086F
seg036_086D
seg036_086F
seg035_06E9
seg035_06DD
seg036_37F8
seg036_086D
seg036_086F
seg036_086D
seg036_086F
seg036_396B
seg036_086D
seg036_086F
seg036_086D
seg036_086F
seg035_06E9
seg035_06DD
seg036_37F8
seg036_086D
seg036_086F
seg036_086D
seg036_086F
seg036_396B
seg036_086D
seg036_086F
seg036_086D
seg036_086F
seg035_06E9
seg035_06DD
seg036_37F8
seg036_086D
seg036_086F
seg036_086D
seg036_086F
seg036_396B
seg036_086D
seg036_086F
seg036_086D
seg036_086F
seg035_06E9
seg035_06DD
seg036_37F8
seg036_086D
seg036_086F
seg036_086D
seg036_086F
seg036_396B
seg036_086D
seg036_086F
seg036_086D
seg036_086F
seg035_06E9
seg035_06DD
seg036_37F8
seg036_086D
seg036_086F
seg036_086D
seg036_086F
seg036_396B
seg036_086D
seg036_086F
seg036_086D
seg036_086F
seg035_06E9
seg035_06DD
seg036_37F8
seg036_086D
seg036_086F
seg036_086D
seg036_086F
seg036_396B
seg036_086D
seg036_086F
seg036_086D
seg036_086F
seg035_06E9
seg035_06DD
seg036_37F8
seg036_086D
seg036_086F
seg036_086D
seg036_086F
seg036_396B
seg036_086D
seg036_086F
seg036_086D
seg036_086F
seg035_06E9
seg035_06DD
seg036_37F8
seg036_086D
seg036_086F
seg036_086D
seg036_086F
seg036_396B
seg036_086D
seg036_086F
seg036_086D
seg036_086F
seg035_06E9
seg035_06DD
seg036_37F8
seg036_086D
seg036_086F
seg036_086D
seg036_086F
seg036_396B
seg036_086D
seg036_086F
seg036_086D
seg036_086F
seg035_06E9
seg035_06DD
seg036_37F8
seg036_086D
seg036_086F
seg036_086D
seg036_086F
seg036_396B
seg036_086D
seg036_086F
seg036_086D
seg036_086F
seg035_06E9
seg035_06DD
seg036_37F8
seg036_086D
seg036_086F
seg036_086D
seg036_086F
seg036_396B
seg036_086D
seg036_086F
seg036_086D
seg036_086F
seg035_06E9
seg035_06DD
seg036_37F8
seg036_086D
seg036_086F
seg036_086D
seg036_086F
seg036_396B
seg036_086D
seg036_086F
seg036_086D
seg036_086F
seg035_06E9
seg035_06DD
seg036_37F8
seg036_086D
seg036_086F
seg036_086D
seg036_086F
seg036_396B
seg036_086D
seg036_086F
seg036_086D
seg036_086F
seg035_06E9
seg035_06DD
seg036_37F8
seg036_086D
seg036_086F
seg036_086D
seg036_086F
seg036_396B
seg036_086D
seg036_086F
seg036_086D
seg036_086F
seg035_06E9
seg035_06DD
seg036_37F8
seg036_086D
seg036_086F
seg036_086D
seg036_086F
seg036_396B
seg036_086D
seg036_086F
seg036_086D
seg036_086F
seg035_06E9
seg035_06DD
seg036_37F8
seg036_086D
seg036_086F
seg036_086D
seg036_086F
seg036_396B
seg036_086D
seg036_086F
seg036_086D
seg036_086F
seg035_06E9
seg035_06DD
seg036_37F8
seg036_086D
seg036_086F
seg036_086D
seg036_086F
seg036_396B
seg036_086D
seg036_086F
seg036_086D
seg036_086F
seg035_06E9
seg035_06DD
seg036_37F8
seg036_086D
seg036_086F
seg036_086D
seg036_086F
seg036_396B
seg036_086D
seg036_086F
seg036_086D
seg036_086F
seg035_06E9
seg035_06DD
seg036_37F8
seg036_086D
seg036_086F
seg036_086D
seg036_086F
seg036_396B
seg036_086D
seg036_086F
seg036_086D
seg036_086F
seg035_06E9
seg035_06DD
seg036_37F8
seg036_086D
seg036_086F
seg036_086D
seg036_086F
seg036_396B
seg036_086D
seg036_086F
seg036_086D
seg036_086F
seg035_06E9
seg035_06DD
seg036_37F8
seg036_086D
seg036_086F
seg036_086D
seg036_086F
seg036_396B
seg036_086D
seg036_086F
seg036_086D
seg036_086F
seg035_06E9
seg035_06DD
seg036_37F8
seg036_086D
seg036_086F
seg036_086D
seg036_086F
seg036_396B
seg036_086D
seg036_086F
seg036_086D
seg036_086F
seg035_06E9
seg035_06DD
seg036_37F8
seg036_086D
seg036_086F
seg036_086D
seg036_086F
seg036_396B
seg036_086D
seg036_086F
seg036_086D
seg036_086F
seg035_06E9
seg035_06DD
seg036_37F8
seg036_086D
seg036_086F
seg036_086D
seg036_086F
seg036_396B
seg036_086D
seg036_086F
seg036_086D
seg036_086F
seg035_06E9
seg035_06DD
seg036_37F8
seg036_086D
seg036_086F
seg036_086D
seg036_086F
seg036_396B
seg036_086D
seg036_086F
seg036_086D
seg036_086F
seg035_06E9
seg035_06DD
seg036_37F8
seg036_086D
seg036_086F
seg036_086D
seg036_086F
seg036_396B
seg036_086D
seg036_086F
seg036_086D
seg036_086F
seg035_06E9
seg035_06DD
seg036_37F8
seg036_086D
seg036_086F
seg036_086D
seg036_086F
seg036_396B
seg036_086D
seg036_086F
seg036_086D
seg036_086F
seg035_06E9
seg035_06DD
seg036_37F8
seg036_086D
seg036_086F
seg036_086D
seg036_086F
seg036_396B
seg036_086D
seg036_086F
seg036_086D
seg036_086F
seg035_06E9
seg035_06DD
seg036_37F8
seg036_086D
seg036_086F
seg036_086D
seg036_086F
seg036_396B
seg036_086D
seg036_086F
seg036_086D
seg036_086F
seg035_06E9
seg035_06DD
seg036_37F8
seg036_086D
seg036_086F
seg036_086D
seg036_086F
seg036_396B
seg036_086D
seg036_086F
seg036_086D
seg036_086F
seg035_06E9
seg035_06DD
seg036_37F8
seg036_086D
seg036_086F
seg036_086D
seg036_086F
seg036_396B
seg036_086D
seg036_086F
seg036_086D
seg036_086F
seg035_06E9
seg035_06DD
seg036_37F8
seg036_086D
seg036_086F
seg036_086D
seg036_086F
seg036_396B
seg036_086D
seg036_086F
seg036_086D
seg036_086F
seg035_06E9
seg035_06DD
seg036_37F8
seg036_086D
seg036_086F
seg036_086D
seg036_086F
seg036_396B
seg036_086D
seg036_086F
seg036_086D
seg036_086F
seg035_06E9
seg035_06DD
seg036_37F8
seg036_086D
seg036_086F
seg036_086D
seg036_086F
seg036_396B
seg036_086D
seg036_086F
seg036_086D
seg036_086F
seg035_06E9
seg035_06DD
seg036_37F8
seg036_086D
seg036_086F
seg036_086D
seg036_086F
seg036_396B
seg036_086D
seg036_086F
seg036_086D
seg036_086F
seg035_06E9
seg035_06DD
seg036_37F8
seg036_086D
seg036_086F
seg036_086D
seg036_086F
seg036_396B
seg036_086D
seg036_086F
seg036_086D
seg036_086F
seg035_06E9
seg035_06DD
seg036_37F8
seg036_086D
seg036_086F
seg036_086D
seg036_086F
seg036_396B
seg036_086D
seg036_086F
seg036_086D
seg036_086F
seg035_06E9
seg035_06DD
seg036_37F8
seg036_086D
seg036_086F
seg036_086D
seg036_086F
seg036_396B
seg036_086D
seg036_086F
seg036_086D
seg036_086F
seg035_06E9
seg035_06DD
seg036_37F8
seg036_086D
seg036_086F
seg036_086D
seg036_086F
seg036_396B
seg036_086D
seg036_086F
seg036_086D
seg036_086F
seg035_06E9
seg035_06DD
seg036_37F8
seg036_086D
seg036_086F
seg036_086D
seg036_086F
seg036_396B
seg036_086D
seg036_086F
seg036_086D
seg036_086F
seg035_06E9
seg035_06DD
seg036_37F8
seg036_086D
seg036_086F
seg036_086D
seg036_086F
seg036_396B
seg036_086D
seg036_086F
seg036_086D
seg036_086F
seg035_06E9
seg035_06DD
seg036_37F8
seg036_086D
seg036_086F
seg036_086D
seg036_086F
seg036_396B
seg036_086D
seg036_086F
seg036_086D
seg036_086F
seg035_06E9
seg035_06DD
seg036_37F8
seg036_086D
seg036_086F
seg036_086D
seg036_086F
seg036_396B
seg036_086D
seg036_086F
seg036_086D
seg036_086F
seg035_06E9
seg035_06DD
seg036_37F8
seg036_086D
seg036_086F
seg036_086D
seg036_086F
seg036_396B
seg036_086D
seg036_086F
seg036_086D
seg036_086F
seg035_06E9
seg035_06DD
seg036_37F8
seg036_086D
seg036_086F
seg036_086D
seg036_086F
seg036_396B
seg036_086D
seg036_086F
seg036_086D
seg036_086F
seg035_06E9
seg035_06DD
seg036_37F8
seg036_086D
seg036_086F
seg036_086D
seg036_086F
seg036_396B
seg036_086D
seg036_086F
seg036_086D
seg036_086F
seg035_06E9
seg035_06DD
seg036_37F8
seg036_086D
seg036_086F
seg036_086D
seg036_086F
seg036_396B
seg036_086D
seg036_086F
seg036_086D
seg036_086F
seg035_06E9
seg035_06DD
seg036_37F8
seg036_086D
seg036_086F
seg036_086D
seg036_086F
seg036_396B
seg036_086D
seg036_086F
seg036_086D
seg036_086F
seg035_06E9
seg035_06DD
seg036_37F8
seg036_086D
seg036_086F
seg036_086D
seg036_086F
seg036_396B
seg036_086D
seg036_086F
seg036_086D
seg036_086F
seg035_06E9
seg035_06DD
seg036_37F8
seg036_086D
seg036_086F
seg036_086D
seg036_086F
seg036_396B
seg036_086D
seg036_086F
seg036_086D
seg036_086F
seg035_06E9
seg035_06DD
seg036_37F8
seg036_086D
seg036_086F
seg036_086D
seg036_086F
seg036_396B
seg036_086D
seg036_086F
seg036_086D
seg036_086F
seg035_06E9
seg035_06DD
seg036_37F8
seg036_086D
seg036_086F
seg036_086D
seg036_086F
seg036_396B
seg036_086D
seg036_086F
seg036_086D
seg036_086F
seg035_06E9
seg035_06DD
seg036_37F8
seg036_086D
seg036_086F
seg036_086D
seg036_086F
seg036_396B
seg036_086D
seg036_086F
seg036_086D
seg036_086F
seg035_06E9
seg035_06DD
seg036_37F8
seg036_086D
seg036_086F
seg036_086D
seg036_086F
seg036_396B
seg036_086D
seg036_086F
seg036_086D
seg036_086F
seg035_06E9
seg035_06DD
seg036_37F8
seg036_086D
seg036_086F
seg036_086D
seg036_086F
seg036_396B
seg036_086D
seg036_086F
seg036_086D
seg036_086F
seg035_06E9
seg035_06DD
seg036_37F8
seg036_086D
seg036_086F
seg036_086D
seg036_086F
seg036_396B
seg036_086D
seg036_086F
seg036_086D
seg036_086F
seg035_06E9
seg035_06DD
seg036_37F8
seg036_086D
seg036_086F
seg036_086D
seg036_086F
seg036_396B
seg036_086D
seg036_086F
seg036_086D
seg036_086F
seg035_06E9
seg035_06DD
seg036_37F8
seg036_086D
seg036_086F
seg036_086D
seg036_086F
seg036_396B
seg036_086D
seg036_086F
seg036_086D
seg036_086F
seg035_06E9
seg035_06DD
seg036_37F8
seg036_086D
seg036_086F
seg036_086D
seg036_086F
seg036_396B
seg036_086D
seg036_086F
seg036_086D
seg036_086F
seg035_06E9
seg035_06DD
seg036_37F8
seg036_086D
seg036_086F
seg036_086D
seg036_086F
seg036_396B
seg036_086D
seg036_086F
seg036_086D
seg036_086F
seg035_06E9
seg035_06DD
seg036_37F8
seg036_086D
seg036_086F
seg036_086D
seg036_086F
seg036_396B
seg036_086D
seg036_086F
seg036_086D
seg036_086F
seg035_06E9
seg035_06DD
seg036_37F8
seg036_086D
seg036_086F
seg036_086D
seg036_086F
seg036_396B
seg036_086D
seg036_086F
seg036_086D
seg036_086F
seg035_06E9
seg035_06DD
seg036_37F8
seg036_086D
seg036_086F
seg036_086D
seg036_086F
seg036_396B
seg036_086D
seg036_086F
seg036_086D
seg036_086F
seg035_06E9
seg035_06DD
seg036_37F8
seg036_086D
seg036_086F
seg036_086D
seg036_086F
seg036_396B
seg036_086D
seg036_086F
seg036_086D
seg036_086F
seg035_06E9
seg035_06DD
seg036_37F8
seg036_086D
seg036_086F
seg036_086D
seg036_086F
seg036_396B
seg036_086D
seg036_086F
seg036_086D
seg036_086F
seg035_06E9
seg035_06DD
seg036_37F8
seg036_086D
seg036_086F
seg036_086D
seg036_086F
seg036_396B
seg036_086D
seg036_086F
seg036_086D
seg036_086F
seg035_06E9
seg035_06DD
seg036_37F8
seg036_086D
seg036_086F
seg036_086D
seg036_086F
seg036_396B
seg036_086D
seg036_086F
seg036_086D
seg036_086F
seg035_06E9
seg035_06DD
seg036_37F8
seg036_086D
seg036_086F
seg036_086D
seg036_086F
seg036_396B
seg036_086D
seg036_086F
seg036_086D
seg036_086F
seg035_06E9
seg035_06DD
seg036_37F8
seg036_086D
seg036_086F
seg036_086D
seg036_086F
seg036_396B
seg036_086D
seg036_086F
seg036_086D
seg036_086F
seg035_06E9
seg035_06DD
seg036_37F8
seg036_086D
seg036_086F
seg036_086D
seg036_086F
seg036_396B
seg036_086D
seg036_086F
seg036_086D
seg036_086F
seg035_06E9
seg035_06DD
seg036_37F8
seg036_086D
seg036_086F
seg036_086D
seg036_086F
seg036_396B
seg036_086D
seg036_086F
seg036_086D
seg036_086F
seg035_06E9
seg035_06DD
seg036_37F8
seg036_086D
seg036_086F
seg036_086D
seg036_086F
seg036_396B
seg036_086D
seg036_086F
seg036_086D
seg036_086F
seg035_06E9
seg035_06DD
seg036_37F8
seg036_086D
seg036_086F
seg036_086D
seg036_086F
seg036_396B
seg036_086D
seg036_086F
seg036_086D
seg036_086F
seg035_06E9
seg035_06DD
seg036_37F8
seg036_086D
seg036_086F
seg036_086D
seg036_086F
seg036_396B
seg036_086D
seg036_086F
seg036_086D
seg036_086F
seg035_06E9
seg035_06DD
seg036_37F8
seg036_086D
seg036_086F
seg036_086D
seg036_086F
seg036_396B
seg036_086D
seg036_086F
seg036_086D
seg036_086F
seg035_06E9
seg035_06DD
seg036_37F8
seg036_086D
seg036_086F
seg036_086D
seg036_086F
seg036_396B
seg036_086D
seg036_086F
seg036_086D
seg036_086F
seg035_06E9
seg035_06DD
seg036_37F8
seg036_086D
seg036_086F
seg036_086D
seg036_086F
seg036_396B
seg036_086D
seg036_086F
seg036_086D
seg036_086F
seg035_06E9
seg035_06DD
seg036_37F8
seg036_086D
seg036_086F
seg036_086D
seg036_086F
seg036_396B
seg036_086D
seg036_086F
seg036_086D
seg036_086F
seg035_06E9
seg035_06DD
seg036_37F8
seg036_086D
seg036_086F
seg036_086D
seg036_086F
seg036_396B
seg036_086D
seg036_086F
seg036_086D
seg036_086F
seg035_06E9
seg035_06DD
seg036_37F8
seg036_086D
seg036_086F
seg036_086D
seg036_086F
seg036_396B
seg036_086D
seg036_086F
seg036_086D
seg036_086F
seg035_06E9
seg035_06DD
seg036_37F8
seg036_086D
seg036_086F
seg036_086D
seg036_086F
seg036_396B
seg036_086D
seg036_086F
seg036_086D
seg036_086F
seg035_06E9
seg035_06DD
seg036_37F8
seg036_086D
seg036_086F
seg036_086D
seg036_086F
seg036_396B
seg036_086D
seg036_086F
seg036_086D
seg036_086F
seg035_06E9
seg035_06DD
seg036_37F8
seg036_086D
seg036_086F
seg036_086D
seg036_086F
seg036_396B
seg036_086D
seg036_086F
seg036_086D
seg036_086F
seg035_06E9
seg035_06DD
seg036_37F8
seg036_086D
seg036_086F
seg036_086D
seg036_086F
seg036_396B
seg036_086D
seg036_086F
seg036_086D
seg036_086F
seg035_06E9
seg035_06DD
seg036_37F8
seg036_086D
seg036_086F
seg036_086D
seg036_086F
seg036_396B
seg036_086D
seg036_086F
seg036_086D
seg036_086F
seg035_06E9
seg035_06DD
seg036_37F8
seg036_086D
seg036_086F
seg036_086D
seg036_086F
seg036_396B
seg036_086D
seg036_086F
seg036_086D
seg036_086F
seg035_06E9
seg035_06DD
seg036_37F8
seg036_086D
seg036_086F
seg036_086D
seg036_086F
seg036_396B
seg036_086D
seg036_086F
seg036_086D
seg036_086F
seg035_06E9
seg035_06DD
seg036_37F8
seg036_086D
seg036_086F
seg036_086D
seg036_086F
seg036_396B
seg036_086D
seg036_086F
seg036_086D
seg036_086F
seg035_06E9
seg035_06DD
seg036_37F8
seg036_086D
seg036_086F
seg036_086D
seg036_086F
seg036_396B
seg036_086D
seg036_086F
seg036_086D
seg036_086F
seg035_06E9
seg035_06DD
seg036_37F8
seg036_086D
seg036_086F
seg036_086D
seg036_086F
seg036_396B
seg036_086D
seg036_086F
seg036_086D
seg036_086F
seg035_06E9
seg035_06DD
seg036_37F8
seg036_086D
seg036_086F
seg036_086D
seg036_086F
seg036_396B
seg036_086D
seg036_086F
seg036_086D
seg036_086F
seg035_06E9
seg035_06DD
seg036_37F8
seg036_086D
seg036_086F
seg036_086D
seg036_086F
seg036_396B
seg036_086D
seg036_086F
seg036_086D
seg036_086F
seg035_06E9
seg035_06DD
seg036_37F8
seg036_086D
seg036_086F
seg036_086D
seg036_086F
seg036_396B
seg036_086D
seg036_086F
seg036_086D
seg036_086F
seg035_06E9
seg035_06DD
seg036_37F8
seg036_086D
seg036_086F
seg036_086D
seg036_086F
seg036_396B
seg036_086D
seg036_086F
seg036_086D
seg036_086F
seg035_06E9
seg035_06DD
seg036_37F8
seg036_086D
seg036_086F
seg036_086D
seg036_086F
seg036_396B
seg036_086D
seg036_086F
seg036_086D
seg036_086F
seg035_06E9
seg035_06DD
seg036_37F8
seg036_086D
seg036_086F
seg036_086D
seg036_086F
seg036_396B
seg036_086D
seg036_086F
seg036_086D
seg036_086F
seg035_06E9
seg035_06DD
seg036_37F8
seg036_086D
seg036_086F
seg036_086D
seg036_086F
seg036_396B
seg036_086D
seg036_086F
seg036_086D
seg036_086F
seg035_06E9
seg035_06DD
seg036_37F8
seg036_086D
seg036_086F
seg036_086D
seg036_086F
seg036_396B
seg036_086D
seg036_086F
seg036_086D
seg036_086F
seg035_06E9
seg035_06DD
seg036_37F8
seg036_086D
seg036_086F
seg036_086D
seg036_086F
seg036_396B
seg036_086D
seg036_086F
seg036_086D
seg036_086F
seg035_06E9
seg035_06DD
seg036_37F8
seg036_086D
seg036_086F
seg036_086D
seg036_086F
seg036_396B
seg036_086D
seg036_086F
seg036_086D
seg036_086F
seg035_06E9
seg035_06DD
seg036_37F8
seg036_086D
seg036_086F
seg036_086D
seg036_086F
seg036_396B
seg036_086D
seg036_086F
seg036_086D
seg036_086F
seg035_06E9
seg035_06DD
seg036_37F8
seg036_086D
seg036_086F
seg036_086D
seg036_086F
seg036_396B
seg036_086D
seg036_086F
seg036_086D
seg036_086F
seg035_06E9
seg035_06DD
seg036_37F8
seg036_086D
seg036_086F
seg036_086D
seg036_086F
seg036_396B
seg036_086D
seg036_086F
seg036_086D
seg036_086F
seg035_06E9
seg035_06DD
seg036_37F8
seg036_086D
seg036_086F
seg036_086D
seg036_086F
seg036_396B
seg036_086D
seg036_086F
seg036_086D
seg036_086F
seg035_06E9
seg035_06DD
seg036_37F8
seg036_086D
seg036_086F
seg036_086D
seg036_086F
seg036_396B
seg036_086D
seg036_086F
seg036_086D
seg036_086F
seg035_06E9
seg035_06DD
seg036_37F8
seg036_086D
seg036_086F
seg036_086D
seg036_086F
seg036_396B
seg036_086D
seg036_086F
seg036_086D
seg036_086F
seg035_06E9
seg035_06DD
seg036_37F8
seg036_086D
seg036_086F
seg036_086D
seg036_086F
seg036_396B
seg036_086D
seg036_086F
seg036_086D
seg036_086F
seg035_06E9
seg035_06DD
seg036_37F8
seg036_086D
seg036_086F
seg036_086D
seg036_086F
seg036_396B
seg036_086D
seg036_086F
seg036_086D
seg036_086F
seg035_06E9
seg035_06DD
seg036_37F8
seg036_086D
seg036_086F
seg036_086D
seg036_086F
seg036_396B
seg036_086D
seg036_086F
seg036_086D
seg036_086F
seg035_06E9
seg035_06DD
seg036_37F8
seg036_086D
seg036_086F
seg036_086D
seg036_086F
seg036_396B
seg036_086D
seg036_086F
seg036_086D
seg036_086F
seg035_06E9
seg035_06DD
seg036_37F8
seg036_086D
seg036_086F
seg036_086D
seg036_086F
seg036_396B
seg036_086D
seg036_086F
seg036_086D
seg036_086F
seg035_06E9
seg035_06DD
seg036_37F8
seg036_086D
seg036_086F
seg036_086D
seg036_086F
seg036_396B
seg036_086D
seg036_086F
seg036_086D
seg036_086F
seg035_06E9
seg035_06DD
seg036_37F8
seg036_086D
seg036_086F
seg036_086D
seg036_086F
seg036_396B
seg036_086D
seg036_086F
seg036_086D
seg036_086F
seg035_06E9
seg035_06DD
seg036_37F8
seg036_086D
seg036_086F
seg036_086D
seg036_086F
seg036_396B
seg036_086D
seg036_086F
seg036_086D
seg036_086F
seg035_06E9
seg035_06DD
seg036_37F8
seg036_086D
seg036_086F
seg036_086D
seg036_086F
seg036_396B
seg036_086D
seg036_086F
seg036_086D
seg036_086F
seg035_06E9
seg035_06DD
seg036_37F8
seg036_086D
seg036_086F
seg036_086D
seg036_086F
seg036_396B
seg036_086D
seg036_086F
seg036_086D
seg036_086F
seg035_06E9
seg035_06DD
seg036_37F8
seg036_086D
seg036_086F
seg036_086D
seg036_086F
seg036_396B
seg036_086D
seg036_086F
seg036_086D
seg036_086F
seg035_06E9
seg035_06DD
seg036_37F8
seg036_086D
seg036_086F
seg036_086D
seg036_086F
seg036_396B
seg036_086D
seg036_086F
seg036_086D
seg036_086F
seg035_06E9
seg035_06DD
seg036_37F8
seg036_086D
seg036_086F
seg036_086D
seg036_086F
seg036_396B
seg036_086D
seg036_086F
seg036_086D
seg036_086F
seg035_06E9
seg035_06DD
seg036_37F8
seg036_086D
seg036_086F
seg036_086D
seg036_086F
seg036_396B
seg036_086D
seg036_086F
seg036_086D
seg036_086F
seg035_06E9
seg035_06DD
seg036_37F8
seg036_086D
seg036_086F
seg036_086D
seg036_086F
seg036_396B
seg036_086D
seg036_086F
seg036_086D
seg036_086F
seg035_06E9
seg035_06DD
seg036_37F8
seg036_086D
seg036_086F
seg036_086D
seg036_086F
seg036_396B
seg036_086D
seg036_086F
seg036_086D
seg036_086F
seg035_06E9
seg035_06DD
seg036_37F8
seg036_086D
seg036_086F
seg036_086D
seg036_086F
seg036_396B
seg036_086D
seg036_086F
seg036_086D
seg036_086F
seg035_06E9
seg035_06DD
seg036_37F8
seg036_086D
seg036_086F
seg036_086D
seg036_086F
seg036_396B
seg036_086D
seg036_086F
seg036_086D
seg036_086F
seg035_06E9
seg035_06DD
seg036_37F8
seg036_086D
seg036_086F
seg036_086D
seg036_086F
seg036_396B
seg036_086D
seg036_086F
seg036_086D
seg036_086F
seg035_06E9
seg035_06DD
seg036_37F8
seg036_086D
seg036_086F
seg036_086D
seg036_086F
seg036_396B
seg036_086D
seg036_086F
seg036_086D
seg036_086F
seg035_06E9
seg035_06DD
seg036_37F8
seg036_086D
seg036_086F
seg036_086D
seg036_086F
seg036_396B
seg036_086D
seg036_086F
seg036_086D
seg036_086F
seg035_06E9
seg035_06DD
seg036_37F8
seg036_086D
seg036_086F
seg036_086D
seg036_086F
seg036_396B
seg036_086D
seg036_086F
seg036_086D
seg036_086F
seg035_06E9
seg035_06DD
seg036_37F8
seg036_086D
seg036_086F
seg036_086D
seg036_086F
seg036_396B
seg036_086D
seg036_086F
seg036_086D
seg036_086F
seg035_06E9
seg035_06DD
seg036_37F8
seg036_086D
seg036_086F
seg036_086D
seg036_086F
seg036_396B
seg036_086D
seg036_086F
seg036_086D
seg036_086F
seg035_06E9
seg035_06DD
seg036_37F8
seg036_086D
seg036_086F
seg036_086D
seg036_086F
seg036_396B
seg036_086D
seg036_086F
seg036_086D
seg036_086F
seg035_06E9
seg035_06DD
seg036_37F8
seg036_086D
seg036_086F
seg036_086D
seg036_086F
seg036_396B
seg036_086D
seg036_086F
seg036_086D
seg036_086F
seg035_06E9
seg035_06DD
seg036_37F8
seg036_086D
seg036_086F
seg036_086D
seg036_086F
seg036_396B
seg036_086D
seg036_086F
seg036_086D
seg036_086F
seg035_06E9
seg035_06DD
seg036_37F8
seg036_086D
seg036_086F
seg036_086D
seg036_086F
seg036_396B
seg036_086D
seg036_086F
seg036_086D
seg036_086F
seg035_06E9
seg035_06DD
seg036_37F8
seg036_086D
seg036_086F
seg036_086D
seg036_086F
seg036_396B
seg036_086D
seg036_086F
seg036_086D
seg036_086F
seg035_06E9
seg035_06DD
seg036_37F8
seg036_086D
seg036_086F
seg036_086D
seg036_086F
seg036_396B
seg036_086D
seg036_086F
seg036_086D
seg036_086F
seg035_06E9
seg035_06DD
seg036_37F8
seg036_086D
seg036_086F
seg036_086D
seg036_086F
seg036_396B
seg036_086D
seg036_086F
seg036_086D
seg036_086F
seg035_06E9
seg035_06DD
seg036_37F8
seg036_086D
seg036_086F
seg036_086D
seg036_086F
seg036_396B
seg036_086D
seg036_086F
seg036_086D
seg036_086F
seg035_06E9
seg035_06DD
seg036_37F8
seg036_086D
seg036_086F
seg036_086D
seg036_086F
seg036_396B
seg036_086D
seg036_086F
seg036_086D
seg036_086F
seg035_06E9
seg035_06DD
seg036_37F8
seg036_086D
seg036_086F
seg036_086D
seg036_086F
seg036_396B
seg036_086D
seg036_086F
seg036_086D
seg036_086F
seg035_06E9
seg035_06DD
seg036_37F8
seg036_086D
seg036_086F
seg036_086D
seg036_086F
seg036_396B
seg036_086D
seg036_086F
seg036_086D
seg036_086F
seg035_06E9
seg035_06DD
seg036_37F8
seg036_086D
seg036_086F
seg036_086D
seg036_086F
seg036_396B
seg036_086D
seg036_086F
seg036_086D
seg036_086F
seg035_06E9
seg035_06DD
seg036_37F8
seg036_086D
seg036_086F
seg036_086D
seg036_086F
seg036_396B
seg036_086D
seg036_086F
seg036_086D
seg036_086F
seg035_06E9
seg035_06DD
seg036_37F8
seg036_086D
seg036_086F
seg036_086D
seg036_086F
seg036_396B
seg036_086D
seg036_086F
seg036_086D
seg036_086F
seg035_06E9
seg035_06DD
seg036_37F8
seg036_086D
seg036_086F
seg036_086D
seg036_086F
seg036_396B
seg036_086D
seg036_086F
seg036_086D
seg036_086F
seg035_06E9
seg035_06DD
seg036_37F8
seg036_086D
seg036_086F
seg036_086D
seg036_086F
seg036_396B
seg036_086D
seg036_086F
seg036_086D
seg036_086F
seg035_06E9
seg035_06DD
seg036_37F8
seg036_086D
seg036_086F
seg036_086D
seg036_086F
seg036_396B
seg036_086D
seg036_086F
seg036_086D
seg036_086F
seg035_06E9
seg035_06DD
seg036_37F8
seg036_086D
seg036_086F
seg036_086D
seg036_086F
seg036_396B
seg036_086D
seg036_086F
seg036_086D
seg036_086F
seg035_06E9
seg035_06DD
seg036_37F8
seg036_086D
seg036_086F
seg036_086D
seg036_086F
seg036_396B
seg036_086D
seg036_086F
seg036_086D
seg036_086F
seg035_06E9
seg035_06DD
seg036_37F8
seg036_086D
seg036_086F
seg036_086D
seg036_086F
seg036_396B
seg036_086D
seg036_086F
seg036_086D
seg036_086F
seg035_06E9
seg035_06DD
seg036_37F8
seg036_086D
seg036_086F
seg036_086D
seg036_086F
seg036_396B
seg036_086D
seg036_086F
seg036_086D
seg036_086F
seg035_06E9
seg035_06DD
seg036_37F8
seg036_086D
seg036_086F
seg036_086D
seg036_086F
seg036_396B
seg036_086D
seg036_086F
seg036_086D
seg036_086F
seg035_06E9
seg035_06DD
seg036_37F8
seg036_086D
seg036_086F
seg036_086D
seg036_086F
seg036_396B
seg036_086D
seg036_086F
seg036_086D
seg036_086F
seg035_06E9
seg035_06DD
seg036_37F8
seg036_086D
seg036_086F
seg036_086D
seg036_086F
seg036_396B
seg036_086D
seg036_086F
seg036_086D
seg036_086F
seg035_06E9
seg035_06DD
seg036_37F8
seg036_086D
seg036_086F
seg036_086D
seg036_086F
seg036_396B
seg036_086D
seg036_086F
seg036_086D
seg036_086F
seg035_06E9
seg035_06DD
seg036_37F8
seg036_086D
seg036_086F
seg036_086D
seg036_086F
seg036_396B
seg036_086D
seg036_086F
seg036_086D
seg036_086F
seg035_06E9
seg035_06DD
seg036_37F8
seg036_086D
seg036_086F
seg036_086D
seg036_086F
seg036_396B
seg036_086D
seg036_086F
seg036_086D
seg036_086F
seg035_06E9
seg035_06DD
seg036_37F8
seg036_086D
seg036_086F
seg036_086D
seg036_086F
seg036_396B
seg036_086D
seg036_086F
seg036_086D
seg036_086F
seg035_06E9
seg035_06DD
seg036_37F8
seg036_086D
seg036_086F
seg036_086D
seg036_086F
seg036_396B
seg036_086D
seg036_086F
seg036_086D
seg036_086F
seg035_06E9
seg035_06DD
seg036_37F8
seg036_086D
seg036_086F
seg036_086D
seg036_086F
seg036_396B
seg036_086D
seg036_086F
seg036_086D
seg036_086F
seg035_06E9
seg035_06DD
seg036_37F8
seg036_086D
seg036_086F
seg036_086D
seg036_086F
seg036_396B
seg036_086D
seg036_086F
seg036_086D
seg036_086F
seg035_06E9
seg035_06DD
seg036_37F8
seg036_086D
seg036_086F
seg036_086D
seg036_086F
seg036_396B
seg036_086D
seg036_086F
seg036_086D
seg036_086F
seg035_06E9
seg035_06DD
seg036_37F8
seg036_086D
seg036_086F
seg036_086D
seg036_086F
seg036_396B
seg036_086D
seg036_086F
seg036_086D
seg036_086F
seg035_06E9
seg035_06DD
seg036_37F8
seg036_086D
seg036_086F
seg036_086D
seg036_086F
seg036_396B
seg036_086D
seg036_086F
seg036_086D
seg036_086F
seg035_06E9
seg035_06DD
seg036_37F8
seg036_086D
seg036_086F
seg036_086D
seg036_086F
seg036_396B
seg036_086D
seg036_086F
seg036_086D
seg036_086F
seg035_06E9
seg035_06DD
seg036_37F8
seg036_086D
seg036_086F
seg036_086D
seg036_086F
seg036_396B
seg036_086D
seg036_086F
seg036_086D
seg036_086F
seg035_06E9
seg035_06DD
seg036_37F8
seg036_086D
seg036_086F
seg036_086D
seg036_086F
seg036_396B
seg036_086D
seg036_086F
seg036_086D
seg036_086F
seg035_06E9
seg035_06DD
seg036_37F8
seg036_086D
seg036_086F
seg036_086D
seg036_086F
seg036_396B
seg036_086D
seg036_086F
seg036_086D
seg036_086F
seg035_06E9
seg035_06DD
seg036_37F8
seg036_086D
seg036_086F
seg036_086D
seg036_086F
seg036_396B
seg036_086D
seg036_086F
seg036_086D
seg036_086F
seg035_06E9
seg035_06DD
seg036_37F8
seg036_086D
seg036_086F
seg036_086D
seg036_086F
seg036_396B
seg036_086D
seg036_086F
seg036_086D
seg036_086F
seg035_06E9
seg035_06DD
seg036_37F8
seg036_086D
seg036_086F
seg036_086D
seg036_086F
seg036_396B
seg036_086D
seg036_086F
seg036_086D
seg036_086F
seg035_06E9
seg035_06DD
seg036_37F8
seg036_086D
seg036_086F
seg036_086D
seg036_086F
seg036_396B
seg036_086D
seg036_086F
seg036_086D
seg036_086F
seg035_06E9
seg035_06DD
seg036_37F8
seg036_086D
seg036_086F
seg036_086D
seg036_086F
seg036_396B
seg036_086D
seg036_086F
seg036_086D
seg036_086F
seg035_06E9
seg035_06DD
seg036_37F8
seg036_086D
seg036_086F
seg036_086D
seg036_086F
seg036_396B
seg036_086D
seg036_086F
seg036_086D
seg036_086F
seg035_06E9
seg035_06DD
seg036_37F8
seg036_086D
seg036_086F
seg036_086D
seg036_086F
seg036_396B
seg036_086D
seg036_086F
seg036_086D
seg036_086F
seg035_06E9
seg035_06DD
seg036_37F8
seg036_086D
seg036_086F
seg036_086D
seg036_086F
seg036_396B
seg036_086D
seg036_086F
seg036_086D
seg036_086F
seg035_06E9
seg035_06DD
seg036_37F8
seg036_086D
seg036_086F
seg036_086D
seg036_086F
seg036_396B
seg036_086D
seg036_086F
seg036_086D
seg036_086F
seg035_06E9
seg035_06DD
seg036_37F8
seg036_086D
seg036_086F
seg036_086D
seg036_086F
seg036_396B
seg036_086D
seg036_086F
seg036_086D
seg036_086F
seg035_06E9
seg035_06DD
seg036_37F8
seg036_086D
seg036_086F
seg036_086D
seg036_086F
seg036_396B
seg036_086D
seg036_086F
seg036_086D
seg036_086F
seg035_06E9
seg035_06DD
seg036_37F8
seg036_086D
seg036_086F
seg036_086D
seg036_086F
seg036_396B
seg036_086D
seg036_086F
seg036_086D
seg036_086F
seg035_06E9
seg035_06DD
seg036_37F8
seg036_086D
seg036_086F
seg036_086D
seg036_086F
seg036_396B
seg036_086D
seg036_086F
seg036_086D
seg036_086F
seg035_06E9
seg035_06DD
seg036_37F8
seg036_086D
seg036_086F
seg036_086D
seg036_086F
seg036_396B
seg036_086D
seg036_086F
seg036_086D
seg036_086F
seg035_06E9
seg036_086D
seg036_086F
seg037_041F
seg037_0421
seg037_040B
seg037_040D
seg037_0413
seg037_0414
seg036_08C5
seg036_08C7
seg031_3F53
seg031_3F55
seg031_3B23
seg031_3B25
seg031_3F3A
seg031_3F3C
seg035_0E3B
seg035_0E62
seg037_01CB
seg037_01CD
seg037_01CE
seg037_0127
seg037_0129
seg037_012C
seg037_0130
seg032_14F6
seg031_2CBC
seg031_2CBE
seg031_2C70
seg031_2C72
seg031_29D2
seg031_29D4
seg036_0B23
seg036_0B25
seg031_2CA3
seg031_2CA5
seg035_0E3B
seg035_0E62
seg031_26C0
seg031_26C2
seg031_2669
seg031_266B
seg036_2DA3
seg036_2DA5
seg036_3A86
seg036_3A88
seg036_0B23
seg036_0B25
seg031_26A7
seg031_26A9
seg035_0E3B
seg035_0E62
seg031_2C5D
seg031_2C5F
seg031_2C1E
seg031_2C20
seg031_29A4
seg031_29A6
seg032_11DA
seg032_0F44
seg032_11DA
seg032_0F44
seg031_2C44
seg031_2C46
seg035_0E3B
seg035_0E62
seg031_2D7E
seg031_2D80
seg031_2D29
seg031_2D2B
seg035_06D0
seg035_06E9
seg035_06DD
seg032_11DA
seg032_0F44
seg035_06E9
seg035_06DD
seg032_11DA
seg032_0F44
seg035_06E9
seg035_06DD
seg032_11DA
seg032_0F44
seg035_06E9
seg035_06DD
seg032_11DA
seg032_0F44
seg035_06E9
seg035_06DD
seg032_11DA
seg032_0F44
seg035_06E9
seg035_06DD
seg032_11DA
seg032_0F44
seg035_06E9
seg035_06DD
seg032_11DA
seg032_0F44
seg035_06E9
seg035_06DD
seg032_11DA
seg032_0F44
seg035_06E9
seg035_06DD
seg032_11DA
seg032_0F44
seg035_06E9
seg035_06DD
seg032_11DA
seg032_0F44
seg035_06E9
seg035_06DD
seg032_11DA
seg032_0F44
seg035_06E9
seg035_06DD
seg032_11DA
seg032_0F44
seg035_06E9
seg035_06DD
seg032_11DA
seg032_0F44
seg035_06E9
seg035_06DD
seg032_11DA
seg032_0F44
seg035_06E9
seg035_06DD
seg032_11DA
seg032_0F44
seg035_06E9
seg035_06DD
seg032_11DA
seg032_0F44
seg035_06E9
seg035_06DD
seg032_11DA
seg032_0F44
seg035_06E9
seg031_2D65
seg031_2D67
seg035_0E3B
seg035_0E62
seg036_409F
seg036_40A1
seg036_405F
seg036_4061
seg036_39FC
seg036_39FE
seg036_3A86
seg036_3A88
seg036_0B23
seg036_0B25
seg036_4086
seg036_4088
seg035_0E3B
seg035_0E62
seg036_409C
seg035_023F
seg035_0732
seg035_0E93
seg035_0261
seg035_0265
seg035_026D
seg035_0282
seg035_028A
seg035_028B
seg035_029A
seg035_02A3
seg035_0772
seg035_07A6
seg035_08E5
seg035_07E7
seg035_082B
seg035_08E5
seg035_0840
seg035_0844
seg035_0859
seg035_0878
seg035_087E
seg035_0E93
seg035_0261
seg035_0265
seg035_026D
seg035_0282
seg035_028A
seg035_028B
seg035_029A
seg035_02A3
seg035_0E93
seg035_0261
seg035_0265
seg035_026D
seg035_0282
seg035_028A
seg035_028B
seg035_029A
seg035_02A3
seg035_08AE
seg035_08BD
seg035_08C8
seg035_08CB
seg035_08D3
seg035_0E66
seg035_0706
seg035_070A
seg032_1C2A
seg032_3879
seg032_3881
seg032_388D
seg032_389C
seg032_3732
seg035_033A
seg035_034E
seg035_0442
seg035_0446
seg035_033A
seg035_034E
seg035_0261
seg035_0265
seg035_026D
seg035_0282
seg035_028A
seg035_028B
seg035_029A
seg035_02A3
seg035_0DB0
seg035_2188
seg035_0DD9
seg035_0472
seg032_37B2
seg035_0442
seg035_0446
seg035_033A
seg035_034E
seg035_0261
seg035_0265
seg035_026D
seg035_0282
seg035_028A
seg035_028B
seg035_029A
seg035_02A3
seg035_0DB0
seg035_2188
seg035_0DD9
seg035_0472
seg032_37EC
seg035_0442
seg035_0446
seg035_033A
seg035_034E
seg035_0261
seg035_0265
seg035_026D
seg035_0282
seg035_028A
seg035_028B
seg035_029A
seg035_02A3
seg035_0DB0
seg035_2188
seg035_0DD9
seg035_0472
seg032_3823
seg032_1C0E
seg032_384E
seg035_0442
seg035_0446
seg035_033A
seg035_034E
seg035_0261
seg035_0265
seg035_026D
seg035_0282
seg035_028A
seg035_028B
seg035_029A
seg035_02A3
seg035_0DB0
seg035_2188
seg035_0DD9
seg035_0472
seg032_3861
seg032_38D9
seg032_3902
seg035_04C5
seg035_04E3
seg035_04F7
seg035_04F8
seg032_3DE2
seg032_8E26
seg032_8E42
seg032_3DE2
seg032_8E26
seg032_8E42
seg032_39BB
seg032_39C6
seg032_39D0
seg032_1C6A
seg032_1C9D
seg032_1CA0
seg032_3CB3
seg032_3CCE
seg032_3CD9
seg032_3CE2
seg032_3D01
seg032_3D09
seg032_3D14
seg035_019B
seg035_019F
seg035_01A7
seg035_022D
seg036_4072
seg036_4074
seg031_2417
seg031_2419
seg033_1D9F
seg033_1D79
seg033_1D9B
seg033_1D96
seg031_2D47
seg031_2D49
seg035_06A9
seg035_06C7
seg035_06BD
seg032_0FF4
seg032_1060
seg032_107A
seg032_1078
seg035_06C7
seg035_06BD
seg032_0FF4
seg032_1060
seg032_107A
seg032_1078
seg035_06C7
seg035_06BD
seg032_0FF4
seg032_1060
seg032_107A
seg032_1078
seg035_06C7
seg035_06BD
seg032_0FF4
seg032_1060
seg032_107A
seg032_1078
seg035_06C7
seg035_06BD
seg032_0FF4
seg032_1060
seg032_107A
seg032_1078
seg035_06C7
seg035_06BD
seg032_0FF4
seg032_1060
seg032_107A
seg032_1078
seg035_06C7
seg035_06BD
seg032_0FF4
seg032_1060
seg032_107A
seg032_1078
seg035_06C7
seg035_06BD
seg032_0FF4
seg032_1060
seg032_107A
seg032_1078
seg035_06C7
seg035_06BD
seg032_0FF4
seg032_1060
seg032_107A
seg032_1078
seg035_06C7
seg035_06BD
seg032_0FF4
seg032_1060
seg032_107A
seg032_1078
seg035_06C7
seg035_06BD
seg032_0FF4
seg032_1060
seg032_107A
seg032_1078
seg035_06C7
seg035_06BD
seg032_0FF4
seg032_1060
seg032_107A
seg032_1078
seg035_06C7
seg035_06BD
seg032_0FF4
seg032_1060
seg032_107A
seg032_1078
seg035_06C7
seg035_06BD
seg032_0FF4
seg032_1060
seg032_107A
seg032_1078
seg035_06C7
seg035_06BD
seg032_0FF4
seg032_1060
seg032_107A
seg032_1078
seg035_06C7
seg035_06BD
seg032_0FF4
seg032_1060
seg032_107A
seg032_1078
seg035_06C7
seg035_06BD
seg032_0FF4
seg032_1060
seg032_107A
seg032_1078
seg035_06C7
seg031_2C31
seg031_2C33
seg031_2AD5
seg032_0FF4
seg032_1060
seg032_107A
seg032_1078
seg032_0FF4
seg032_1060
seg032_107A
seg032_1078
seg031_2694
seg031_2696
seg031_242D
seg031_242F
seg033_1D9F
seg033_1D79
seg033_1D9B
seg033_1D96
seg031_2C90
seg031_2C92
seg031_2B04
seg031_2B06
seg031_2B25
seg036_0C46
seg036_0C48
seg031_3F1E
seg031_3F20
seg031_384F
seg031_3880
seg031_38A4
seg031_38C8
seg031_38EC
seg031_3910
seg031_3931
seg036_3BE4
seg036_3BE6
seg031_368E
seg031_36BF
seg031_36E3
seg031_3707
seg031_372B
seg031_374F
seg031_3773
seg031_3797
seg031_37BB
seg031_37DF
seg031_3803
seg031_3827
seg031_3848
seg038_0C8E
seg038_0C90
seg031_3A27
seg031_3A29
seg031_3A47
seg031_3A51
seg031_3A5B
seg036_0C46
seg036_0C48
seg032_0FF4
seg032_1060
seg032_107A
seg032_1078
seg031_2443
seg031_2445
seg032_3B4F
seg032_3B66
seg033_0347
seg033_0362
seg033_03C0
seg033_03CF
seg033_03F9
seg032_3B7F
seg032_0FCE
seg032_1060
seg032_107A
seg032_1078
seg032_0F44
seg032_0FCE
seg032_1060
seg032_107A
seg032_1078
seg032_0F44
seg032_0FCE
seg032_1060
seg032_107A
seg032_1078
seg032_0F44
seg032_0FCE
seg032_1060
seg032_107A
seg032_1078
seg032_0F44
seg032_3BA3
seg032_3BAF
seg032_3BBC
seg032_3BC9
seg033_0392
seg033_0347
seg033_0362
seg033_03C0
seg033_03CF
seg033_03F9
seg035_06A9
seg035_06C7
seg035_06BD
seg032_0FF4
seg032_1060
seg032_107A
seg032_1078
seg035_06C7
seg035_06BD
seg032_0FF4
seg032_1060
seg032_107A
seg032_1078
seg035_06C7
seg035_06BD
seg032_0FF4
seg032_1060
seg032_107A
seg032_1078
seg035_06C7
seg035_06BD
seg032_0FF4
seg032_1060
seg032_107A
seg032_1078
seg035_06C7
seg032_3587
seg032_35A8
seg038_6AB4
seg038_6AB6
seg036_3AF4
seg036_3AF6
seg031_24D2
seg031_24D4
seg036_0C46
seg036_0C48
seg033_0FC3
seg032_2DFE
seg032_0FF4
seg032_1060
seg032_107A
seg032_1078
seg032_31B5
seg034_4001
seg034_402F
seg035_02EA
seg035_0240
seg035_0244
seg035_0257
seg033_03C0
seg033_03CF
seg033_03F9
seg034_4001
seg034_402F
seg035_02EA
seg035_0240
seg035_0244
seg035_0257
seg033_03C0
seg033_03CF
seg033_03F9
seg032_1DFA
seg032_1E23
seg032_1E30
seg032_1E38
seg032_1E40
seg032_1E16
seg032_3587
seg032_35A8
seg032_1DFA
seg032_1E23
seg032_1E30
seg032_1E38
seg032_1E57
seg032_1E16
seg032_3587
seg032_35A8
seg032_1DFA
seg032_1E23
seg032_1E30
seg032_1E51
seg032_1E16
seg032_3587
seg032_35A8
seg032_1DFA
seg032_1E16
seg032_3587
seg032_35A8
seg033_1754
seg032_3CA3
seg032_3CAF
seg032_3CA3
seg032_3CAF
seg032_3CA3
seg032_3CAF
seg033_22B4
seg034_4001
seg034_402F
seg035_02EA
seg035_0240
seg035_0244
seg035_0257
seg033_03C0
seg033_03CF
seg033_03F9
seg034_4001
seg034_402F
seg035_02EA
seg035_0240
seg035_0244
seg035_0257
seg033_03C0
seg033_03CF
seg033_03F9
seg034_4001
seg034_402F
seg035_02EA
seg035_0240
seg035_0244
seg035_0257
seg033_03C0
seg033_03CF
seg033_03F9
seg034_4001
seg034_402F
seg035_02EA
seg035_0240
seg035_0244
seg035_0257
seg033_03C0
seg033_03CF
seg033_03F9
seg032_350A
seg034_4001
seg034_402F
seg035_02EA
seg035_0240
seg035_0244
seg035_0257
seg033_03C0
seg033_03CF
seg033_03F9
seg034_4001
seg034_402F
seg035_02EA
seg035_0240
seg035_0244
seg035_0257
seg033_03C0
seg033_03CF
seg033_03F9
seg034_2F55
seg034_0D30
seg034_0D5B
seg034_0D82
seg034_0D87
seg034_0D92
seg033_030F
seg035_02EA
seg035_0240
seg035_0244
seg035_0257
seg033_02AE
seg035_02EA
seg035_0240
seg035_0244
seg035_0257
seg033_02D0
seg034_4083
seg034_4101
seg034_4164
seg033_03C0
seg033_03CF
seg033_03F9
seg034_4001
seg034_402F
seg035_02EA
seg035_0240
seg035_0244
seg035_0257
seg033_03C0
seg033_03CF
seg033_03F9
seg032_3DC2
seg032_3C54
seg032_3CA3
seg032_3CAF
seg032_3CA3
seg032_3CAF
seg032_3CA3
seg032_3CAF
seg032_3CA3
seg032_3CAF
seg032_3CA3
seg032_3CAF
seg032_3CA3
seg032_3CAF
seg032_3CA3
seg032_3CAF
seg032_3CA3
seg032_3CAF
seg032_3C9E
seg035_023F
seg035_022D
seg035_0FB1
seg035_1045
seg035_1046
seg035_1056
seg035_1076
seg035_1066
seg035_0FC3
seg035_0FC4
seg035_0FC5
seg035_0FFF
seg035_1019
seg035_102F
seg035_0FF7
seg035_0FFD
seg035_1073
seg035_1076
seg035_1066
seg035_0FC3
seg035_0FC4
seg035_0FC5
seg035_0FFF
seg035_1019
seg035_102F
seg035_0FF7
seg035_0FFD
seg035_1073
seg035_1076
seg035_1066
seg035_0FC3
seg035_0FC4
seg035_0FC5
seg035_0FFF
seg035_1019
seg035_102F
seg035_0FF7
seg035_0FFD
seg035_1073
seg035_1076
seg035_1088
seg035_1073
seg035_1076
seg035_1088
seg035_1073
seg035_1076
seg035_1088
seg035_1073
seg035_1076
seg035_1088
seg035_1073
seg035_1076
seg035_1088
seg035_1073
seg035_1076
seg035_1088
seg035_1073
seg035_1076
seg035_1088
seg035_1073
seg035_1076
seg035_1088
seg035_1073
seg035_1076
seg035_1088
seg035_1073
seg035_1076
seg035_1088
seg035_1073
seg035_1076
seg035_1088
seg035_1073
seg035_1076
seg035_1088
seg035_1073
seg035_1076
seg035_1088
seg035_1073
seg035_1076
seg035_1088
seg035_1073
seg035_1076
seg035_1088
seg035_1073
seg035_1076
seg035_1088
seg035_1073
seg035_1076
seg035_1088
seg035_1073
seg035_1076
seg035_1091
seg035_109B
seg035_0FC1
seg035_023F
seg035_0E66
seg035_01CC
seg035_022D
seg035_023F
seg035_022D
seg035_023F
seg035_0206
seg035_0213
seg035_022B
seg035_01FB
seg035_0200
seg035_10DF
seg035_10E2
seg035_183E
seg035_1842
seg035_1952
seg035_1956
seg035_1983
seg035_1952
seg035_1956
seg035_1983
seg035_1952
seg035_1956
seg035_1983
seg035_1124
seg035_1128
seg035_1138
seg035_1944
seg035_1103
seg035_1113
seg035_1124
seg035_1128
seg035_1138
seg035_1944
