seg035_0002
seg035_0010
seg035_0014
seg035_0018
seg035_0020
seg035_0028
seg035_0030
seg035_0059
seg035_006C
seg035_006F
seg035_0078
seg035_00B5
seg035_00B9
seg035_00D4
seg035_00F6
seg035_08E5
seg035_00FC
seg035_0100
seg035_0120
seg035_012E
seg035_013D
seg035_0177
seg035_022D
seg035_023F
seg035_022D
seg035_06F2
seg035_022D
seg035_023F
seg035_022D
seg033_19CD
seg033_19C4
seg033_127D
seg033_128C
seg035_022D
seg032_3DD9
seg032_3DBA
seg032_3A4C
seg032_39D5
seg032_3A04
seg032_3A2C
seg032_3A34
seg032_3A3C
seg032_3B08
seg032_3DCA
seg035_0E3B
seg035_0E62
seg035_022D
seg033_19BF
seg033_18CA
seg032_14F6
seg033_564A
seg035_022D
seg034_41C9
seg034_41BC
seg032_14F6
seg035_022D
seg034_41B7
seg034_41AA
seg032_14F6
seg035_022D
seg034_41A5
seg034_4198
seg032_14F6
seg035_022D
seg033_04FD
seg033_04EE
seg032_14F6
seg033_275D
seg035_022D
seg033_04E9
seg033_0413
seg032_14F6
seg033_2599
seg035_022D
seg033_040E
seg033_040F
seg033_03FF
seg033_0400
seg032_14F6
seg033_24FD
seg035_022D
seg033_105C
seg033_104F
seg032_14F6
seg035_022D
seg034_2F6D
seg034_1292
seg034_2FF0
seg034_3BDA
seg034_3EF2
seg033_01B0
seg033_01E2
seg033_0200
seg033_0204
seg033_0208
seg033_0210
seg034_2B05
seg032_14F6
seg034_2E32
seg032_14F6
seg034_2F5E
seg035_0E3B
seg035_0E62
seg035_022D
seg032_371A
seg032_370C
seg032_14F6
seg032_8658
seg035_022D
seg032_3DA7
seg032_3539
seg032_14F6
seg035_022D
seg032_352C
seg032_34EC
seg032_1AB5
seg034_3BDA
seg034_3B72
seg035_02EA
seg035_0240
seg035_0244
seg035_0257
seg035_02F9
seg035_0261
seg035_0265
seg035_026D
seg035_02D9
seg035_0D38
seg035_0D51
seg035_0D5D
seg035_215B
seg035_10E2
seg035_183E
seg035_1842
seg035_1952
seg035_1956
seg035_1983
seg035_1952
seg035_1956
seg035_1983
seg035_1952
seg035_1956
seg035_1983
seg035_1124
seg035_1128
seg035_1138
seg035_1944
seg035_1103
seg035_1113
seg035_1124
seg035_1128
seg035_1138
seg035_1944
